[html.storebuild.shop/cleanixer-prv/cleanixer/index-3.html]
[backblue.gif]
[fade.gif]
[index.html]
[html.storebuild.shop/cleanixer-prv/cleanixer/assets/images/logo/favicon.png]
[html.storebuild.shop/cleanixer-prv/cleanixer/assets/css/bootstrap.min.css]
[html.storebuild.shop/cleanixer-prv/cleanixer/assets/css/animate.min.css]
[html.storebuild.shop/cleanixer-prv/cleanixer/assets/css/lightcase.css]
[html.storebuild.shop/cleanixer-prv/cleanixer/assets/css/font-awesome.min.css]
[html.storebuild.shop/cleanixer-prv/cleanixer/assets/css/nice-select.css]
[html.storebuild.shop/cleanixer-prv/cleanixer/assets/css/owl.carousel.min.css]
[html.storebuild.shop/cleanixer-prv/cleanixer/assets/css/odometer.css]
[html.storebuild.shop/cleanixer-prv/cleanixer/assets/css/default.css]
[html.storebuild.shop/cleanixer-prv/cleanixer/assets/css/style.css]
[html.storebuild.shop/cleanixer-prv/cleanixer/assets/css/responsive.css]
[html.storebuild.shop/cleanixer-prv/cleanixer/index.html]
[html.storebuild.shop/cleanixer-prv/cleanixer/assets/images/logo/logo.png]
[html.storebuild.shop/cleanixer-prv/cleanixer/assets/images/logo/logo-white.png]
[html.storebuild.shop/cleanixer-prv/cleanixer/index-2.html]
[html.storebuild.shop/cleanixer-prv/cleanixer/about.html]
[html.storebuild.shop/cleanixer-prv/cleanixer/service.html]
[html.storebuild.shop/cleanixer-prv/cleanixer/service-details.html]
[html.storebuild.shop/cleanixer-prv/cleanixer/shop.html]
[html.storebuild.shop/cleanixer-prv/cleanixer/product-details.html]
[html.storebuild.shop/cleanixer-prv/cleanixer/cart.html]
[html.storebuild.shop/cleanixer-prv/cleanixer/checkout.html]
[html.storebuild.shop/cleanixer-prv/cleanixer/wishlist.html]
[html.storebuild.shop/cleanixer-prv/cleanixer/login.html]
[html.storebuild.shop/cleanixer-prv/cleanixer/register.html]
[html.storebuild.shop/cleanixer-prv/cleanixer/blog.html]
[html.storebuild.shop/cleanixer-prv/cleanixer/blog-details.html]
[html.storebuild.shop/cleanixer-prv/cleanixer/offer.html]
[html.storebuild.shop/cleanixer-prv/cleanixer/faq.html]
[html.storebuild.shop/cleanixer-prv/cleanixer/contact.html]
[html.storebuild.shop/cleanixer-prv/cleanixer/team.html]
[html.storebuild.shop/cleanixer-prv/cleanixer/team-details.html]
[html.storebuild.shop/cleanixer-prv/cleanixer/portfolio.html]
[html.storebuild.shop/cleanixer-prv/cleanixer/portfolio-details.html]
[html.storebuild.shop/cleanixer-prv/cleanixer/pricing.html]
[html.storebuild.shop/cleanixer-prv/cleanixer/assets/images/banner/banner-3-bg-1.jpg]
[html.storebuild.shop/cleanixer-prv/cleanixer/assets/images/banner/banner-2-bg-1.jpg]
[html.storebuild.shop/cleanixer-prv/cleanixer/assets/images/about/about-3-thumb-1.jpg]
[html.storebuild.shop/cleanixer-prv/cleanixer/assets/images/about/about-3-thumb-2.jpg]
[html.storebuild.shop/cleanixer-prv/cleanixer/assets/images/brand/brand-3-icon-1.png]
[html.storebuild.shop/cleanixer-prv/cleanixer/assets/images/brand/brand-3-icon-h-1.png]
[html.storebuild.shop/cleanixer-prv/cleanixer/assets/images/brand/brand-3-icon-2.png]
[html.storebuild.shop/cleanixer-prv/cleanixer/assets/images/brand/brand-3-icon-h-2.png]
[html.storebuild.shop/cleanixer-prv/cleanixer/assets/images/brand/brand-3-icon-3.png]
[html.storebuild.shop/cleanixer-prv/cleanixer/assets/images/brand/brand-3-icon-h-3.png]
[html.storebuild.shop/cleanixer-prv/cleanixer/assets/images/brand/brand-3-icon-4.png]
[html.storebuild.shop/cleanixer-prv/cleanixer/assets/images/brand/brand-3-icon-h-4.png]
[html.storebuild.shop/cleanixer-prv/cleanixer/assets/images/brand/brand-3-icon-5.png]
[html.storebuild.shop/cleanixer-prv/cleanixer/assets/images/brand/brand-3-icon-h-5.png]
[html.storebuild.shop/cleanixer-prv/cleanixer/assets/images/brand/brand-3-icon-6.png]
[html.storebuild.shop/cleanixer-prv/cleanixer/assets/images/brand/brand-3-icon-h-6.png]
[html.storebuild.shop/cleanixer-prv/cleanixer/assets/images/bg/counter-bg.jpg]
[html.storebuild.shop/cleanixer-prv/cleanixer/assets/images/icons/counter-icon-1.png]
[html.storebuild.shop/cleanixer-prv/cleanixer/assets/images/icons/counter-icon-2.png]
[html.storebuild.shop/cleanixer-prv/cleanixer/assets/images/icons/track-icon.png]
[html.storebuild.shop/cleanixer-prv/cleanixer/assets/images/icons/estimate-icon.png]
[html.storebuild.shop/cleanixer-prv/cleanixer/assets/images/icons/service-icon-2.png]
[html.storebuild.shop/cleanixer-prv/cleanixer/assets/images/icons/service-icon-3.png]
[html.storebuild.shop/cleanixer-prv/cleanixer/assets/images/service/wcu-2-thumb-2.jpg]
[html.storebuild.shop/cleanixer-prv/cleanixer/assets/images/service/wcu-shape.jpg]
[html.storebuild.shop/cleanixer-prv/cleanixer/assets/images/service/wcu-2-thumb-1.jpg]
[html.storebuild.shop/cleanixer-prv/cleanixer/assets/images/team/team-1-thumb-1.jpg]
[html.storebuild.shop/cleanixer-prv/cleanixer/assets/images/team/team-1-thumb-2.jpg]
[html.storebuild.shop/cleanixer-prv/cleanixer/assets/images/team/team-1-thumb-3.jpg]
[html.storebuild.shop/cleanixer-prv/cleanixer/assets/images/team/team-1-thumb-4.jpg]
[html.storebuild.shop/cleanixer-prv/cleanixer/assets/images/testimonial/testiimonial-1-author-1.png]
[html.storebuild.shop/cleanixer-prv/cleanixer/assets/images/testimonial/testiimonial-1-logo-1.png]
[html.storebuild.shop/cleanixer-prv/cleanixer/assets/images/news/news-2-thumb-1.jpg]
[html.storebuild.shop/cleanixer-prv/cleanixer/assets/images/news/news-2-thumb-2.jpg]
[html.storebuild.shop/cleanixer-prv/cleanixer/assets/images/news/news-2-thumb-3.jpg]
[html.storebuild.shop/cleanixer-prv/cleanixer/assets/js/vendor/jquery.js]
[html.storebuild.shop/cleanixer-prv/cleanixer/assets/js/bootstrap.min.js]
[html.storebuild.shop/cleanixer-prv/cleanixer/assets/js/counterup.min.js]
[html.storebuild.shop/cleanixer-prv/cleanixer/assets/js/imagesloaded.pkgd.min.js]
[html.storebuild.shop/cleanixer-prv/cleanixer/assets/js/isotope.pkgd.min.js]
[html.storebuild.shop/cleanixer-prv/cleanixer/assets/js/jquery.appear.js]
[html.storebuild.shop/cleanixer-prv/cleanixer/assets/js/jquery.nice-select.min.js]
[html.storebuild.shop/cleanixer-prv/cleanixer/assets/js/jquery.scrollUp.min.js]
[html.storebuild.shop/cleanixer-prv/cleanixer/assets/js/lightcase.js]
[html.storebuild.shop/cleanixer-prv/cleanixer/assets/js/odometer.min.js]
[html.storebuild.shop/cleanixer-prv/cleanixer/assets/js/owl.carousel.min.js]
[html.storebuild.shop/cleanixer-prv/cleanixer/assets/js/sticky-header.js]
[html.storebuild.shop/cleanixer-prv/cleanixer/assets/js/waypoint.js]
[html.storebuild.shop/cleanixer-prv/cleanixer/assets/js/wow.min.js]
[html.storebuild.shop/cleanixer-prv/cleanixer/assets/js/tilt.jquery.min.js]
[html.storebuild.shop/cleanixer-prv/cleanixer/index-3.html]
[html.storebuild.shop/cleanixer-prv/cleanixer/assets/js/main.js]
[html.storebuild.shop/cleanixer-prv/cleanixer/assets/css/bootstrap.min.css]
[html.storebuild.shop/cleanixer-prv/cleanixer/assets/css/animate.min.css]
[html.storebuild.shop/cleanixer-prv/cleanixer/assets/fonts/fa-brands-400.eot]
[html.storebuild.shop/cleanixer-prv/cleanixer/assets/fonts/fa-brands-400d41d.eot]
[html.storebuild.shop/cleanixer-prv/cleanixer/assets/fonts/fa-brands-400.woff2]
[html.storebuild.shop/cleanixer-prv/cleanixer/assets/fonts/fa-brands-400.woff]
[html.storebuild.shop/cleanixer-prv/cleanixer/assets/fonts/fa-brands-400.ttf]
[html.storebuild.shop/cleanixer-prv/cleanixer/assets/fonts/fa-brands-400.svg]
[html.storebuild.shop/cleanixer-prv/cleanixer/assets/fonts/fa-duotone-900.eot]
[html.storebuild.shop/cleanixer-prv/cleanixer/assets/fonts/fa-duotone-900d41d.eot]
[html.storebuild.shop/cleanixer-prv/cleanixer/assets/fonts/fa-duotone-900.woff2]
[html.storebuild.shop/cleanixer-prv/cleanixer/assets/fonts/fa-duotone-900.woff]
[html.storebuild.shop/cleanixer-prv/cleanixer/assets/fonts/fa-duotone-900.ttf]
[html.storebuild.shop/cleanixer-prv/cleanixer/assets/fonts/fa-duotone-900.svg]
[html.storebuild.shop/cleanixer-prv/cleanixer/assets/fonts/fa-light-300d41d.eot]
[html.storebuild.shop/cleanixer-prv/cleanixer/assets/fonts/fa-light-300.woff2]
[html.storebuild.shop/cleanixer-prv/cleanixer/assets/fonts/fa-light-300.woff]
[html.storebuild.shop/cleanixer-prv/cleanixer/assets/fonts/fa-light-300.ttf]
[html.storebuild.shop/cleanixer-prv/cleanixer/assets/fonts/fa-regular-400.eot]
[html.storebuild.shop/cleanixer-prv/cleanixer/assets/fonts/fa-light-300.svg]
[html.storebuild.shop/cleanixer-prv/cleanixer/assets/fonts/fa-light-300.eot]
[html.storebuild.shop/cleanixer-prv/cleanixer/assets/fonts/fa-regular-400.woff2]
[html.storebuild.shop/cleanixer-prv/cleanixer/assets/fonts/fa-regular-400.woff]
[html.storebuild.shop/cleanixer-prv/cleanixer/assets/fonts/fa-regular-400.ttf]
[html.storebuild.shop/cleanixer-prv/cleanixer/assets/fonts/fa-solid-900.eot]
[html.storebuild.shop/cleanixer-prv/cleanixer/assets/fonts/fa-regular-400.svg]
[html.storebuild.shop/cleanixer-prv/cleanixer/assets/fonts/fa-solid-900.woff2]
[html.storebuild.shop/cleanixer-prv/cleanixer/assets/fonts/fa-solid-900.woff]
[html.storebuild.shop/cleanixer-prv/cleanixer/assets/fonts/fa-solid-900.ttf]
[html.storebuild.shop/cleanixer-prv/cleanixer/assets/css/font-awesome.min.css]
[html.storebuild.shop/cleanixer-prv/cleanixer/assets/fonts/fa-solid-900d41d.eot]
[html.storebuild.shop/cleanixer-prv/cleanixer/assets/fonts/lightcaseeead.eot]
[html.storebuild.shop/cleanixer-prv/cleanixer/assets/fonts/fa-solid-900.svg]
[html.storebuild.shop/cleanixer-prv/cleanixer/assets/fonts/lightcaseeead.woff]
[html.storebuild.shop/cleanixer-prv/cleanixer/assets/fonts/lightcaseeead.ttf]
[html.storebuild.shop/cleanixer-prv/cleanixer/assets/css/lightcase.css]
[html.storebuild.shop/cleanixer-prv/cleanixer/assets/fonts/lightcaseeead.svg]
[html.storebuild.shop/cleanixer-prv/cleanixer/assets/css/nice-select.css]
[html.storebuild.shop/cleanixer-prv/cleanixer/assets/css/owl.video.play.png]
[html.storebuild.shop/cleanixer-prv/cleanixer/assets/css/owl.carousel.min.css]
[html.storebuild.shop/cleanixer-prv/cleanixer/assets/css/odometer.css]
[html.storebuild.shop/cleanixer-prv/cleanixer/assets/css/default.css]
[html.storebuild.shop/cleanixer-prv/cleanixer/assets/images/bg/cta-1-bg-1.jpg]
[html.storebuild.shop/cleanixer-prv/cleanixer/assets/images/shapes/feature-shape.png]
[html.storebuild.shop/cleanixer-prv/cleanixer/assets/images/news/blockquote-patter.png]
[html.storebuild.shop/cleanixer-prv/cleanixer/assets/css/style.css]
[html.storebuild.shop/cleanixer-prv/cleanixer/assets/css/responsive.css]
[html.storebuild.shop/cleanixer-prv/cleanixer/assets/images/banner/banner-1-bg-1.jpg]
[html.storebuild.shop/cleanixer-prv/cleanixer/assets/images/shapes/banner-1-shape-color-1.png]
[html.storebuild.shop/cleanixer-prv/cleanixer/assets/images/shapes/banner-1-shape-white-1.png]
[html.storebuild.shop/cleanixer-prv/cleanixer/assets/images/shapes/banner-1-shape-color-2.png]
[html.storebuild.shop/cleanixer-prv/cleanixer/assets/images/shapes/banner-1-shape-white-2.png]
[html.storebuild.shop/cleanixer-prv/cleanixer/assets/images/about/about-1-thumb-2.jpg]
[html.storebuild.shop/cleanixer-prv/cleanixer/assets/images/about/about-1-thumb-1.jpg]
[html.storebuild.shop/cleanixer-prv/cleanixer/assets/images/about/about-1-thumb-3.jpg]
[html.storebuild.shop/cleanixer-prv/cleanixer/assets/images/about/about-1-thumb-4.jpg]
[html.storebuild.shop/cleanixer-prv/cleanixer/assets/images/icons/section-icon-1.png]
[html.storebuild.shop/cleanixer-prv/cleanixer/assets/images/icons/section-icon-2.png]
[html.storebuild.shop/cleanixer-prv/cleanixer/assets/images/service/service-1-thumb-1.jpg]
[html.storebuild.shop/cleanixer-prv/cleanixer/assets/images/icons/service-icon-1.png]
[html.storebuild.shop/cleanixer-prv/cleanixer/assets/images/service/service-1-thumb-2.jpg]
[html.storebuild.shop/cleanixer-prv/cleanixer/assets/images/service/service-1-thumb-3.jpg]
[html.storebuild.shop/cleanixer-prv/cleanixer/assets/images/bg/get-quote-1-big.jpg]
[html.storebuild.shop/cleanixer-prv/cleanixer/assets/images/icons/section-icon-4.png]
[html.storebuild.shop/cleanixer-prv/cleanixer/assets/images/bg/get-quote-1-small.jpg]
[html.storebuild.shop/cleanixer-prv/cleanixer/assets/images/icons/section-icon-3.png]
[html.storebuild.shop/cleanixer-prv/cleanixer/assets/images/icons/section-icon-5.png]
[html.storebuild.shop/cleanixer-prv/cleanixer/assets/images/icons/hiw-icon-1.png]
[html.storebuild.shop/cleanixer-prv/cleanixer/assets/images/icons/hiw-icon-2.png]
[html.storebuild.shop/cleanixer-prv/cleanixer/assets/images/icons/hiw-icon-3.png]
[html.storebuild.shop/cleanixer-prv/cleanixer/assets/images/bg/contact-1-bg.jpg]
[html.storebuild.shop/cleanixer-prv/cleanixer/assets/images/icons/section-icon-6.png]
[html.storebuild.shop/cleanixer-prv/cleanixer/assets/images/service/project-1-thumb-2.jpg]
[html.storebuild.shop/cleanixer-prv/cleanixer/assets/images/service/project-1-thumb-3.jpg]
[html.storebuild.shop/cleanixer-prv/cleanixer/assets/images/service/project-1-thumb-4.jpg]
[html.storebuild.shop/cleanixer-prv/cleanixer/assets/images/brand/brand-1.png]
[html.storebuild.shop/cleanixer-prv/cleanixer/assets/images/brand/brand-2.png]
[html.storebuild.shop/cleanixer-prv/cleanixer/assets/images/brand/brand-3.png]
[html.storebuild.shop/cleanixer-prv/cleanixer/assets/images/brand/brand-4.png]
[html.storebuild.shop/cleanixer-prv/cleanixer/assets/images/brand/brand-5.png]
[html.storebuild.shop/cleanixer-prv/cleanixer/assets/images/shapes/newslater-hand-shape.png]
[html.storebuild.shop/cleanixer-prv/cleanixer/assets/images/icons/newslater-section-icon.png]
[html.storebuild.shop/cleanixer-prv/cleanixer/assets/images/bg/testimonial-1-bg-1.jpg]
[html.storebuild.shop/cleanixer-prv/cleanixer/assets/images/icons/section-icon-7.png]
[html.storebuild.shop/cleanixer-prv/cleanixer/assets/images/news/news-1-thumb-1.jpg]
[html.storebuild.shop/cleanixer-prv/cleanixer/assets/images/news/news-1-thumb-2.jpg]
[html.storebuild.shop/cleanixer-prv/cleanixer/assets/fonts/fa-regular-400d41d.eot]
[html.storebuild.shop/cleanixer-prv/cleanixer/assets/images/news/news-1-thumb-3.jpg]
[html.storebuild.shop/cleanixer-prv/cleanixer/assets/images/bg/footer-1-bg-1.jpg]
[html.storebuild.shop/cleanixer-prv/cleanixer/index.html]
[html.storebuild.shop/cleanixer-prv/cleanixer/assets/images/shapes/banner-2-shape-1.png]
[html.storebuild.shop/cleanixer-prv/cleanixer/assets/images/shapes/banner-2-shape-2.png]
[html.storebuild.shop/cleanixer-prv/cleanixer/assets/images/about/about-2-thumb-1.jpg]
[html.storebuild.shop/cleanixer-prv/cleanixer/assets/images/about/about-2-thumb-3.jpg]
[html.storebuild.shop/cleanixer-prv/cleanixer/assets/images/about/about-2-thumb-2.jpg]
[html.storebuild.shop/cleanixer-prv/cleanixer/assets/images/icons/service-cat-icon-1.png]
[html.storebuild.shop/cleanixer-prv/cleanixer/assets/images/icons/service-cat-icon-2.png]
[html.storebuild.shop/cleanixer-prv/cleanixer/assets/images/icons/service-cat-icon-3.png]
[html.storebuild.shop/cleanixer-prv/cleanixer/assets/images/icons/service-cat-icon-4.png]
[html.storebuild.shop/cleanixer-prv/cleanixer/assets/images/icons/service-cat-icon-5.png]
[html.storebuild.shop/cleanixer-prv/cleanixer/assets/images/icons/service-cat-icon-6.png]
[html.storebuild.shop/cleanixer-prv/cleanixer/assets/images/icons/service-cat-icon-7.png]
[html.storebuild.shop/cleanixer-prv/cleanixer/assets/images/icons/service-cat-icon-8.png]
[html.storebuild.shop/cleanixer-prv/cleanixer/assets/images/icons/service-cat-icon-9.png]
[html.storebuild.shop/cleanixer-prv/cleanixer/assets/images/icons/wcu-icon-1.png]
[html.storebuild.shop/cleanixer-prv/cleanixer/assets/images/icons/wcu-icon-2.png]
[html.storebuild.shop/cleanixer-prv/cleanixer/assets/images/service/wcu-1-thumb-1.jpg]
[html.storebuild.shop/cleanixer-prv/cleanixer/assets/images/service/wcu-1-thumb-2.jpg]
[html.storebuild.shop/cleanixer-prv/cleanixer/assets/images/service/wcu-1-thumb-3.jpg]
[html.storebuild.shop/cleanixer-prv/cleanixer/assets/images/service/wcu-1-thumb-4.jpg]
[html.storebuild.shop/cleanixer-prv/cleanixer/assets/images/shapes/laptop-shape.png]
[html.storebuild.shop/cleanixer-prv/cleanixer/assets/images/icons/apple-download-icon.png]
[html.storebuild.shop/cleanixer-prv/cleanixer/assets/images/icons/android-download-icon.png]
[html.storebuild.shop/cleanixer-prv/cleanixer/assets/images/service/hiw-2-thumb-1.png]
[html.storebuild.shop/cleanixer-prv/cleanixer/assets/images/service/hiw-2-thumb-2.png]
[html.storebuild.shop/cleanixer-prv/cleanixer/assets/images/service/hiw-2-thumb-3.png]
[html.storebuild.shop/cleanixer-prv/cleanixer/assets/images/service/hiw-2-thumb-4.png]
[html.storebuild.shop/cleanixer-prv/cleanixer/assets/images/shapes/cta-man-thumb.png]
[html.storebuild.shop/cleanixer-prv/cleanixer/assets/images/icons/pricing-1-icon-1.png]
[html.storebuild.shop/cleanixer-prv/cleanixer/assets/images/icons/pricing-1-icon-1-h.png]
[html.storebuild.shop/cleanixer-prv/cleanixer/assets/images/icons/pricing-1-icon-2-h.png]
[html.storebuild.shop/cleanixer-prv/cleanixer/assets/images/icons/pricing-1-icon-2.png]
[html.storebuild.shop/cleanixer-prv/cleanixer/assets/images/icons/pricing-1-icon-3.png]
[html.storebuild.shop/cleanixer-prv/cleanixer/assets/images/icons/pricing-1-icon-3-h.png]
[html.storebuild.shop/cleanixer-prv/cleanixer/index-2.html]
[html.storebuild.shop/cleanixer-prv/cleanixer/assets/images/bg/breadcrumb-bg.jpg]
[html.storebuild.shop/cleanixer-prv/cleanixer/assets/images/about/about-4-thumb-1.jpg]
[html.storebuild.shop/cleanixer-prv/cleanixer/assets/images/shapes/co-shape.jpg]
[html.storebuild.shop/cleanixer-prv/cleanixer/assets/images/service/co-thumb-1.jpg]
[html.storebuild.shop/cleanixer-prv/cleanixer/assets/images/service/co-thumb-2.jpg]
[html.storebuild.shop/cleanixer-prv/cleanixer/assets/images/service/co-thumb-3.jpg]
[html.storebuild.shop/cleanixer-prv/cleanixer/about.html]
[html.storebuild.shop/cleanixer-prv/cleanixer/assets/images/service/service-1-thumb-4.jpg]
[html.storebuild.shop/cleanixer-prv/cleanixer/assets/images/icons/service-icon-4.png]
[html.storebuild.shop/cleanixer-prv/cleanixer/assets/images/service/service-1-thumb-5.jpg]
[html.storebuild.shop/cleanixer-prv/cleanixer/assets/images/icons/service-icon-5.png]
[html.storebuild.shop/cleanixer-prv/cleanixer/assets/images/service/service-1-thumb-6.jpg]
[html.storebuild.shop/cleanixer-prv/cleanixer/assets/images/icons/service-icon-6.png]
[html.storebuild.shop/cleanixer-prv/cleanixer/assets/images/bg/cta-2-bg-1.jpg]
[html.storebuild.shop/cleanixer-prv/cleanixer/service.html]
[html.storebuild.shop/cleanixer-prv/cleanixer/assets/images/service/service-details-1.jpg]
[html.storebuild.shop/cleanixer-prv/cleanixer/assets/images/service/service-details-2.jpg]
[html.storebuild.shop/cleanixer-prv/cleanixer/assets/images/service/service-details-3.jpg]
[html.storebuild.shop/cleanixer-prv/cleanixer/assets/images/service/service-details-4.jpg]
[html.storebuild.shop/cleanixer-prv/cleanixer/assets/images/others/sidebar-service-1.jpg]
[html.storebuild.shop/cleanixer-prv/cleanixer/service-details.html]
[html.storebuild.shop/cleanixer-prv/cleanixer/assets/images/shop/img1.jpg]
[html.storebuild.shop/cleanixer-prv/cleanixer/assets/css/shop.css]
[html.storebuild.shop/cleanixer-prv/cleanixer/assets/images/shop/img2.jpg]
[html.storebuild.shop/cleanixer-prv/cleanixer/assets/images/shop/img3.jpg]
[html.storebuild.shop/cleanixer-prv/cleanixer/assets/images/shop/img4.jpg]
[html.storebuild.shop/cleanixer-prv/cleanixer/assets/images/shop/img5.jpg]
[html.storebuild.shop/cleanixer-prv/cleanixer/assets/images/shop/img6.jpg]
[html.storebuild.shop/cleanixer-prv/cleanixer/assets/images/shop/img7.jpg]
[html.storebuild.shop/cleanixer-prv/cleanixer/assets/images/shop/img8.jpg]
[html.storebuild.shop/cleanixer-prv/cleanixer/assets/images/shop/img9.jpg]
[html.storebuild.shop/cleanixer-prv/cleanixer/shop.html]
[html.storebuild.shop/cleanixer-prv/cleanixer/assets/images/shop/details/thumb1.jpg]
[html.storebuild.shop/cleanixer-prv/cleanixer/assets/images/shop/details/thumb2.jpg]
[html.storebuild.shop/cleanixer-prv/cleanixer/assets/images/shop/details/thumb3.jpg]
[html.storebuild.shop/cleanixer-prv/cleanixer/assets/images/shop/details/large1.jpg]
[html.storebuild.shop/cleanixer-prv/cleanixer/assets/images/shop/details/large2.jpg]
[html.storebuild.shop/cleanixer-prv/cleanixer/assets/images/shop/details/large3.jpg]
[html.storebuild.shop/cleanixer-prv/cleanixer/product-details.html]
[html.storebuild.shop/cleanixer-prv/cleanixer/cart.html]
[html.storebuild.shop/cleanixer-prv/cleanixer/checkout.html]
[html.storebuild.shop/cleanixer-prv/cleanixer/wishlist.html]
[html.storebuild.shop/cleanixer-prv/cleanixer/login.html]
[html.storebuild.shop/cleanixer-prv/cleanixer/register.html]
[html.storebuild.shop/cleanixer-prv/cleanixer/assets/images/news/news-list-1.jpg]
[html.storebuild.shop/cleanixer-prv/cleanixer/assets/images/news/news-list-authore.png]
[html.storebuild.shop/cleanixer-prv/cleanixer/assets/images/news/news-list-2.jpg]
[html.storebuild.shop/cleanixer-prv/cleanixer/assets/images/news/news-list-3.jpg]
[html.storebuild.shop/cleanixer-prv/cleanixer/assets/images/icons/quote-icon.png]
[html.storebuild.shop/cleanixer-prv/cleanixer/assets/images/news/post-overlay.jpg]
[html.storebuild.shop/cleanixer-prv/cleanixer/assets/images/news/news-author-2.jpg]
[html.storebuild.shop/cleanixer-prv/cleanixer/assets/images/news/populer-feed/populer-feed-1.jpg]
[html.storebuild.shop/cleanixer-prv/cleanixer/assets/images/news/populer-feed/populer-feed-2.jpg]
[html.storebuild.shop/cleanixer-prv/cleanixer/assets/images/news/populer-feed/populer-feed-3.jpg]
[html.storebuild.shop/cleanixer-prv/cleanixer/assets/images/news/populer-feed/populer-feed-4.jpg]
[html.storebuild.shop/cleanixer-prv/cleanixer/assets/images/news/instafeed/insta-feed-1.jpg]
[html.storebuild.shop/cleanixer-prv/cleanixer/assets/images/news/instafeed/insta-feed-2.jpg]
[html.storebuild.shop/cleanixer-prv/cleanixer/assets/images/news/instafeed/insta-feed-3.jpg]
[html.storebuild.shop/cleanixer-prv/cleanixer/assets/images/news/instafeed/insta-feed-4.jpg]
[html.storebuild.shop/cleanixer-prv/cleanixer/assets/images/news/instafeed/insta-feed-5.jpg]
[html.storebuild.shop/cleanixer-prv/cleanixer/assets/images/news/instafeed/insta-feed-6.jpg]
[html.storebuild.shop/cleanixer-prv/cleanixer/assets/images/news/instafeed/insta-feed-7.jpg]
[html.storebuild.shop/cleanixer-prv/cleanixer/assets/images/news/instafeed/insta-feed-8.jpg]
[html.storebuild.shop/cleanixer-prv/cleanixer/assets/images/news/instafeed/insta-feed-9.jpg]
[html.storebuild.shop/cleanixer-prv/cleanixer/assets/images/news/news-ad-banner.jpg]
[html.storebuild.shop/cleanixer-prv/cleanixer/blog.html]
[html.storebuild.shop/cleanixer-prv/cleanixer/assets/images/news/news-details-1.jpg]
[html.storebuild.shop/cleanixer-prv/cleanixer/assets/images/icons/quote-icon-light.png]
[html.storebuild.shop/cleanixer-prv/cleanixer/assets/images/news/news-inner-1.jpg]
[html.storebuild.shop/cleanixer-prv/cleanixer/assets/images/icons/filter.png]
[html.storebuild.shop/cleanixer-prv/cleanixer/assets/images/news/releted-post-thumb-1.jpg]
[html.storebuild.shop/cleanixer-prv/cleanixer/assets/images/news/releted-post-thumb-2.jpg]
[html.storebuild.shop/cleanixer-prv/cleanixer/assets/images/news/news-author-1.jpg]
[html.storebuild.shop/cleanixer-prv/cleanixer/assets/images/news/news-comment-a-1.png]
[html.storebuild.shop/cleanixer-prv/cleanixer/assets/images/news/news-comment-a-2.png]
[html.storebuild.shop/cleanixer-prv/cleanixer/assets/images/news/news-comment-a-3.png]
[html.storebuild.shop/cleanixer-prv/cleanixer/blog-details.html]
[html.storebuild.shop/cleanixer-prv/cleanixer/assets/images/others/offer-1.jpg]
[html.storebuild.shop/cleanixer-prv/cleanixer/assets/images/others/offer-2.jpg]
[html.storebuild.shop/cleanixer-prv/cleanixer/assets/images/others/offer-3.jpg]
[html.storebuild.shop/cleanixer-prv/cleanixer/assets/images/others/offer-4.jpg]
[html.storebuild.shop/cleanixer-prv/cleanixer/assets/images/others/offer-5.jpg]
[html.storebuild.shop/cleanixer-prv/cleanixer/assets/images/others/offer-6.jpg]
[html.storebuild.shop/cleanixer-prv/cleanixer/offer.html]
[html.storebuild.shop/cleanixer-prv/cleanixer/assets/images/others/faq-thumb.jpg]
[html.storebuild.shop/cleanixer-prv/cleanixer/faq.html]
[html.storebuild.shop/cleanixer-prv/cleanixer/assets/images/icons/contact-info-1.png]
[html.storebuild.shop/cleanixer-prv/cleanixer/assets/images/icons/contact-info-2.png]
[html.storebuild.shop/cleanixer-prv/cleanixer/assets/images/icons/contact-info-3.png]
[html.storebuild.shop/cleanixer-prv/cleanixer/assets/images/icons/contact-info-4.png]
[html.storebuild.shop/cleanixer-prv/cleanixer/www.facebook.com/example]
[html.storebuild.shop/cleanixer-prv/cleanixer/www.twitter.com/example]
[html.storebuild.shop/cleanixer-prv/cleanixer/www.behance.com/example]
[html.storebuild.shop/cleanixer-prv/cleanixer/contact.html]
[html.storebuild.shop/cleanixer-prv/cleanixer/assets/images/team/team-1-thumb-5.jpg]
[html.storebuild.shop/cleanixer-prv/cleanixer/assets/images/team/team-1-thumb-6.jpg]
[html.storebuild.shop/cleanixer-prv/cleanixer/assets/images/team/team-1-thumb-7.jpg]
[html.storebuild.shop/cleanixer-prv/cleanixer/assets/images/team/team-1-thumb-8.jpg]
[html.storebuild.shop/cleanixer-prv/cleanixer/team.html]
[html.storebuild.shop/cleanixer-prv/cleanixer/assets/images/team/team-thumb-big-1.jpg]
[html.storebuild.shop/cleanixer-prv/cleanixer/assets/images/others/cta-thumb-2.jpg]
[html.storebuild.shop/cleanixer-prv/cleanixer/assets/images/others/skill-thumb.jpg]
[html.storebuild.shop/cleanixer-prv/cleanixer/team-details.html]
[html.storebuild.shop/cleanixer-prv/cleanixer/assets/images/portfolio/portfolio-1-thumb-1.jpg]
[html.storebuild.shop/cleanixer-prv/cleanixer/assets/images/portfolio/portfolio-1-thumb-2.jpg]
[html.storebuild.shop/cleanixer-prv/cleanixer/assets/images/portfolio/portfolio-1-thumb-3.jpg]
[html.storebuild.shop/cleanixer-prv/cleanixer/assets/images/portfolio/portfolio-1-thumb-4.jpg]
[html.storebuild.shop/cleanixer-prv/cleanixer/assets/images/portfolio/portfolio-1-thumb-5.jpg]
[html.storebuild.shop/cleanixer-prv/cleanixer/assets/images/portfolio/portfolio-1-thumb-6.jpg]
[html.storebuild.shop/cleanixer-prv/cleanixer/assets/images/portfolio/portfolio-1-thumb-7.jpg]
[html.storebuild.shop/cleanixer-prv/cleanixer/assets/images/portfolio/portfolio-1-thumb-8.jpg]
[html.storebuild.shop/cleanixer-prv/cleanixer/assets/images/portfolio/portfolio-1-thumb-9.jpg]
[html.storebuild.shop/cleanixer-prv/cleanixer/assets/images/icons/feature-1-icon-1.png]
[html.storebuild.shop/cleanixer-prv/cleanixer/assets/images/icons/feature-1-icon-2.png]
[html.storebuild.shop/cleanixer-prv/cleanixer/assets/images/icons/feature-1-icon-3.png]
[html.storebuild.shop/cleanixer-prv/cleanixer/assets/images/icons/feature-1-icon-4.png]
[html.storebuild.shop/cleanixer-prv/cleanixer/portfolio.html]
[html.storebuild.shop/cleanixer-prv/cleanixer/assets/images/icons/quote-icon-yellow.png]
[html.storebuild.shop/cleanixer-prv/cleanixer/portfolio-details.html]
[html.storebuild.shop/cleanixer-prv/cleanixer/pricing.html]
[html.storebuild.shop/cleanixer-prv/cleanixer/assets/js/vendor/jquery.js]
[html.storebuild.shop/cleanixer-prv/cleanixer/assets/js/bootstrap.min.js]
[html.storebuild.shop/cleanixer-prv/cleanixer/assets/js/counterup.min.js]
[html.storebuild.shop/cleanixer-prv/cleanixer/assets/js/imagesloaded.pkgd.min.js]
[html.storebuild.shop/cleanixer-prv/cleanixer/assets/js/isotope.pkgd.min.js]
[html.storebuild.shop/cleanixer-prv/cleanixer/assets/js/jquery.appear.js]
[html.storebuild.shop/cleanixer-prv/cleanixer/assets/js/jquery.nice-select.min.js]
[html.storebuild.shop/cleanixer-prv/cleanixer/assets/js/jquery.scrollUp.min.js]
[html.storebuild.shop/cleanixer-prv/cleanixer/assets/js/lightcase.js]
[html.storebuild.shop/cleanixer-prv/cleanixer/assets/js/odometer.min.js]
[html.storebuild.shop/cleanixer-prv/cleanixer/assets/js/owl.carousel.min.js]
[html.storebuild.shop/cleanixer-prv/cleanixer/assets/js/sticky-header.js]
[html.storebuild.shop/cleanixer-prv/cleanixer/assets/js/waypoint.js]
[html.storebuild.shop/cleanixer-prv/cleanixer/assets/js/wow.min.js]
[html.storebuild.shop/cleanixer-prv/cleanixer/assets/js/tilt.jquery.min.js]
[html.storebuild.shop/cleanixer-prv/cleanixer/assets/js/main.js]
[html.storebuild.shop/cleanixer-prv/cleanixer/assets/fonts/fa-brands-400.svg]
[html.storebuild.shop/cleanixer-prv/cleanixer/assets/fonts/fa-duotone-900.svg]
[html.storebuild.shop/cleanixer-prv/cleanixer/assets/fonts/fa-light-300.svg]
[html.storebuild.shop/cleanixer-prv/cleanixer/assets/fonts/fa-regular-400.svg]
[html.storebuild.shop/cleanixer-prv/cleanixer/assets/fonts/fa-solid-900.svg]
[html.storebuild.shop/cleanixer-prv/cleanixer/assets/fonts/lightcaseeead.svg]
[html.storebuild.shop/cleanixer-prv/cleanixer/assets/css/owl.video.play.html]
[html.storebuild.shop/cleanixer-prv/cleanixer/assets/css/shop.css]
[html.storebuild.shop/cleanixer-prv/cleanixer/www.facebook.com/example.html]
[html.storebuild.shop/cleanixer-prv/cleanixer/www.twitter.com/example.html]
[html.storebuild.shop/cleanixer-prv/cleanixer/www.behance.com/example.html]
